ARM Linker, 5.03 [Build 76] [MDK-ARM Professional]

==============================================================================

Section Cross References

    startup.o(STACK) refers (Special) to heapauxi.o(.text) for __use_two_region_memory
    startup.o(HEAP) refers (Special) to heapauxi.o(.text) for __use_two_region_memory
    startup.o(RESET) refers (Special) to heapauxi.o(.text) for __use_two_region_memory
    startup.o(RESET) refers to startup.o(STACK) for StackMem
    startup.o(RESET) refers to systick.o(i.SysTick_Handler) for SysTick_Handler
    startup.o(RESET) refers to uart.o(i.UART1_Handler) for UART1_Handler
    startup.o(RESET) refers to timer0.o(i.Timer0A_Handler) for Timer0A_Handler
    startup.o(RESET) refers to timer1.o(i.Timer1A_Handler) for Timer1A_Handler
    startup.o(RESET) refers to uart.o(i.GPIOPortF_Handler) for GPIOPortF_Handler
    startup.o(RESET) refers to __main.o(!!!main) for __main
    startup.o(.text) refers (Special) to heapauxi.o(.text) for __use_two_region_memory
    startup.o(.text) refers to startup.o(HEAP) for HeapMem
    startup.o(.text) refers to startup.o(STACK) for StackMem
    random.o(.text) refers to random.o(DATA) for M
    timer0.o(i.Timer0A_Handler) refers to timer0.o(.data) for PeriodicTask0
    timer0.o(i.Timer0_Init) refers to timer0.o(.data) for PeriodicTask0
    timer1.o(i.Timer1A_Handler) refers to timer1.o(.data) for PeriodicTask1
    timer1.o(i.Timer1_Init) refers to timer1.o(.data) for PeriodicTask1
    print.o(.text) refers to st7735.o(i.ST7735_OutChar) for ST7735_OutChar
    print.o(.text) refers to st7735.o(i.ST7735_OutString) for ST7735_OutString
    spaceinvaders.o(i.main) refers to pll.o(i.PLL_Init) for PLL_Init
    spaceinvaders.o(i.main) refers to game.o(i.GameInit) for GameInit
    spaceinvaders.o(i.main) refers to startup.o(.text) for EnableInterrupts
    spaceinvaders.o(i.main) refers to engine.o(i.Engine_Run) for Engine_Run
    st7735.o(i.Output_Clear) refers to st7735.o(i.ST7735_FillScreen) for ST7735_FillScreen
    st7735.o(i.Output_Color) refers to st7735.o(i.ST7735_SetTextColor) for ST7735_SetTextColor
    st7735.o(i.Output_Init) refers to st7735.o(i.ST7735_InitR) for ST7735_InitR
    st7735.o(i.Output_Init) refers to st7735.o(i.ST7735_FillScreen) for ST7735_FillScreen
    st7735.o(i.Output_Off) refers to st7735.o(i.Output_Clear) for Output_Clear
    st7735.o(i.Output_On) refers to st7735.o(i.Output_Init) for Output_Init
    st7735.o(i.ST7735_DrawBitmap) refers to st7735.o(i.setAddrWindow) for setAddrWindow
    st7735.o(i.ST7735_DrawBitmap) refers to lcd.o(.text) for writedata
    st7735.o(i.ST7735_DrawBitmap) refers to st7735.o(.data) for _width
    st7735.o(i.ST7735_DrawChar) refers to st7735.o(i.setAddrWindow) for setAddrWindow
    st7735.o(i.ST7735_DrawChar) refers to st7735.o(i.pushColor) for pushColor
    st7735.o(i.ST7735_DrawChar) refers to st7735.o(.data) for _width
    st7735.o(i.ST7735_DrawChar) refers to st7735.o(.constdata) for Font
    st7735.o(i.ST7735_DrawCharS) refers to st7735.o(i.ST7735_DrawPixel) for ST7735_DrawPixel
    st7735.o(i.ST7735_DrawCharS) refers to st7735.o(i.ST7735_FillRect) for ST7735_FillRect
    st7735.o(i.ST7735_DrawCharS) refers to st7735.o(.data) for _width
    st7735.o(i.ST7735_DrawCharS) refers to st7735.o(.constdata) for Font
    st7735.o(i.ST7735_DrawFastHLine) refers to st7735.o(i.setAddrWindow) for setAddrWindow
    st7735.o(i.ST7735_DrawFastHLine) refers to lcd.o(.text) for writedata
    st7735.o(i.ST7735_DrawFastHLine) refers to st7735.o(.data) for _width
    st7735.o(i.ST7735_DrawFastVLine) refers to st7735.o(i.setAddrWindow) for setAddrWindow
    st7735.o(i.ST7735_DrawFastVLine) refers to lcd.o(.text) for writedata
    st7735.o(i.ST7735_DrawFastVLine) refers to st7735.o(.data) for _width
    st7735.o(i.ST7735_DrawPixel) refers to st7735.o(i.setAddrWindow) for setAddrWindow
    st7735.o(i.ST7735_DrawPixel) refers to st7735.o(i.pushColor) for pushColor
    st7735.o(i.ST7735_DrawPixel) refers to st7735.o(.data) for _width
    st7735.o(i.ST7735_DrawString) refers to st7735.o(i.ST7735_DrawCharS) for ST7735_DrawCharS
    st7735.o(i.ST7735_FillRect) refers to st7735.o(i.setAddrWindow) for setAddrWindow
    st7735.o(i.ST7735_FillRect) refers to lcd.o(.text) for writedata
    st7735.o(i.ST7735_FillRect) refers to st7735.o(.data) for _width
    st7735.o(i.ST7735_FillScreen) refers to st7735.o(i.ST7735_FillRect) for ST7735_FillRect
    st7735.o(i.ST7735_FillScreen) refers to st7735.o(.data) for _height
    st7735.o(i.ST7735_InitB) refers to st7735.o(i.commonInit) for commonInit
    st7735.o(i.ST7735_InitB) refers to st7735.o(i.ST7735_SetCursor) for ST7735_SetCursor
    st7735.o(i.ST7735_InitB) refers to st7735.o(i.ST7735_FillScreen) for ST7735_FillScreen
    st7735.o(i.ST7735_InitB) refers to st7735.o(.constdata) for Bcmd
    st7735.o(i.ST7735_InitB) refers to st7735.o(.data) for StTextColor
[...]
    sys_exit.o(.text) refers (Special) to indicate_semi.o(.text) for __semihosting_library_function
    _get_argv_nomalloc.o(.text) refers (Special) to hrguard.o(.text) for __heap_region$guard
    _get_argv_nomalloc.o(.text) refers to defsig_rtmem_outer.o(.text) for __rt_SIGRTMEM
    _get_argv_nomalloc.o(.text) refers to sys_command.o(.text) for _sys_command_string
    libshutdown.o(.ARM.Collect$$libshutdown$$00000000) refers (Special) to libshutdown2.o(.ARM.Collect$$libshutdown$$00000006) for __rt_lib_shutdown_fp_trap_1
    libshutdown.o(.ARM.Collect$$libshutdown$$00000000) refers (Special) to libshutdown2.o(.ARM.Collect$$libshutdown$$0000000E) for __rt_lib_shutdown_heap_1
    libshutdown.o(.ARM.Collect$$libshutdown$$00000000) refers (Special) to libshutdown2.o(.ARM.Collect$$libshutdown$$0000000F) for __rt_lib_shutdown_return
    libshutdown.o(.ARM.Collect$$libshutdown$$00000000) refers (Special) to libshutdown2.o(.ARM.Collect$$libshutdown$$00000009) for __rt_lib_shutdown_signal_1
    libshutdown.o(.ARM.Collect$$libshutdown$$00000000) refers (Special) to libshutdown2.o(.ARM.Collect$$libshutdown$$00000003) for __rt_lib_shutdown_stdio_1
    libshutdown.o(.ARM.Collect$$libshutdown$$00000000) refers (Special) to libshutdown2.o(.ARM.Collect$$libshutdown$$0000000B) for __rt_lib_shutdown_user_alloc_1
    sys_command.o(.text) refers (Special) to use_no_semi.o(.text) for __I$use$semihosting
    sys_command.o(.text) refers (Special) to indicate_semi.o(.text) for __semihosting_library_function
    defsig_rtmem_outer.o(.text) refers to defsig_rtmem_inner.o(.text) for __rt_SIGRTMEM_inner
    defsig_rtmem_outer.o(.text) refers to defsig_exit.o(.text) for __sig_exit
    defsig_rtmem_formal.o(.text) refers to rt_raise.o(.text) for __rt_raise
    rt_raise.o(.text) refers to __raise.o(.text) for __raise
    rt_raise.o(.text) refers to sys_exit.o(.text) for _sys_exit
    defsig_exit.o(.text) refers to sys_exit.o(.text) for _sys_exit
    defsig_rtmem_inner.o(.text) refers to defsig_general.o(.text) for __default_signal_display
    __raise.o(.text) refers to defsig.o(CL$$defsig) for __default_signal_handler
    defsig_general.o(.text) refers to sys_wrch.o(.text) for _ttywrch
    sys_wrch.o(.text) refers (Special) to use_no_semi.o(.text) for __I$use$semihosting
    sys_wrch.o(.text) refers (Special) to indicate_semi.o(.text) for __semihosting_library_function
    defsig.o(CL$$defsig) refers to defsig_rtmem_inner.o(.text) for __rt_SIGRTMEM_inner
    defsig_abrt_inner.o(.text) refers to defsig_general.o(.text) for __default_signal_display
    defsig_fpe_inner.o(.text) refers to defsig_general.o(.text) for __default_signal_display
    defsig_rtred_inner.o(.text) refers to defsig_general.o(.text) for __default_signal_display
    defsig_stak_inner.o(.text) refers to defsig_general.o(.text) for __default_signal_display
    defsig_pvfn_inner.o(.text) refers to defsig_general.o(.text) for __default_signal_display
    defsig_cppl_inner.o(.text) refers to defsig_general.o(.text) for __default_signal_display
    defsig_segv_inner.o(.text) refers to defsig_general.o(.text) for __default_signal_display
    defsig_other.o(.text) refers to defsig_general.o(.text) for __default_signal_display


==============================================================================

Removing Unused input sections from the image.

    Removing timer1.o(i.Timer1_Init), (96 bytes).
    Removing print.o(.text), (460 bytes).
    Removing st7735.o(i.Output_Clear), (10 bytes).
    Removing st7735.o(i.Output_Color), (12 bytes).
    Removing st7735.o(i.Output_Init), (16 bytes).
    Removing st7735.o(i.Output_Off), (8 bytes).
    Removing st7735.o(i.Output_On), (8 bytes).
    Removing st7735.o(i.ST7735_Color565), (24 bytes).
    Removing st7735.o(i.ST7735_DrawChar), (268 bytes).
    Removing st7735.o(i.ST7735_DrawFastHLine), (124 bytes).
    Removing st7735.o(i.ST7735_DrawFastVLine), (124 bytes).
    Removing st7735.o(i.ST7735_InitB), (40 bytes).
    Removing st7735.o(i.ST7735_InvertDisplay), (22 bytes).
    Removing st7735.o(i.ST7735_OutUDec), (140 bytes).
    Removing st7735.o(i.ST7735_PlotBar), (88 bytes).
    Removing st7735.o(i.ST7735_PlotClear), (92 bytes).
    Removing st7735.o(i.ST7735_PlotLine), (264 bytes).
    Removing st7735.o(i.ST7735_PlotNext), (32 bytes).
    Removing st7735.o(i.ST7735_PlotNextErase), (64 bytes).
    Removing st7735.o(i.ST7735_PlotPoint), (152 bytes).
    Removing st7735.o(i.ST7735_PlotPoints), (172 bytes).
    Removing st7735.o(i.ST7735_PlotdBfs), (60 bytes).
    Removing st7735.o(i.ST7735_SetRotation), (212 bytes).
    Removing st7735.o(i.ST7735_SetTextColor), (12 bytes).
    Removing st7735.o(i.ST7735_SwapColor), (18 bytes).
    Removing st7735.o(i.ferror), (8 bytes).
    Removing st7735.o(i.fgetc), (6 bytes).
    Removing st7735.o(i.fillmessage), (72 bytes).
    Removing st7735.o(i.fputc), (16 bytes).
    Removing st7735.o(i.setStX), (12 bytes).
    Removing st7735.o(i.setStY), (12 bytes).
    Removing st7735.o(.bss), (12 bytes).
    Removing engine.o(.constdata), (27648 bytes).
    Removing morsecode.o(i.DrawLoad), (80 bytes).
    Removing fifo.o(i.FiFo_Get), (68 bytes).
    Removing fifo.o(i.FiFo_Init), (28 bytes).
    Removing uart.o(i.Send2), (96 bytes).
    Removing uart.o(i.Transfer_Get), (16 bytes).
    Removing uart.o(i.UART_Get), (68 bytes).

39 unused section(s) (total 30660 bytes) removed from the image.

==============================================================================

Image Symbol Table

    Local Symbols

    Symbol Name                              Value     Ov Type        Size  Object(Section)

    RESET                                    0x00000000   Section      644  startup.o(RESET)
    ../clib/angel/boardlib.s                 0x00000000   Number         0  boardinit1.o ABSOLUTE
    ../clib/angel/boardlib.s                 0x00000000   Number         0  boardinit2.o ABSOLUTE
    ../clib/angel/boardlib.s                 0x00000000   Number         0  boardshut.o ABSOLUTE
    ../clib/angel/boardlib.s                 0x00000000   Number         0  boardinit3.o ABSOLUTE
    ../clib/angel/dczerorl2.s                0x00000000   Number         0  __dczerorl2.o ABSOLUTE
    ../clib/angel/handlers.s                 0x00000000   Number         0  __scatter_zi.o ABSOLUTE
    ../clib/angel/kernel.s                   0x00000000   Number         0  rtentry4.o ABSOLUTE
    ../clib/angel/kernel.s                   0x00000000   Number         0  rtexit.o ABSOLUTE
    ../clib/angel/kernel.s                   0x00000000   Number         0  rtexit2.o ABSOLUTE
    ../clib/angel/kernel.s                   0x00000000   Number         0  rtentry2.o ABSOLUTE
    ../clib/angel/kernel.s                   0x00000000   Number         0  rtentry.o ABSOLUTE
    ../clib/angel/rt.s                       0x00000000   Number         0  rt_raise.o ABSOLUTE
    ../clib/angel/scatter.s                  0x00000000   Number         0  __scatter.o ABSOLUTE
    ../clib/angel/startup.s                  0x00000000   Number         0  __main.o ABSOLUTE
    ../clib/angel/sys.s                      0x00000000   Number         0  sys_stackheap_outer.o ABSOLUTE
    ../clib/angel/sys.s                      0x00000000   Number         0  use_no_semi.o ABSOLUTE
    ../clib/angel/sys.s                      0x00000000   Number         0  libspace.o ABSOLUTE
    ../clib/angel/sys.s                      0x00000000   Number         0  indicate_semi.o ABSOLUTE
    ../clib/angel/sysapp.c                   0x00000000   Number         0  sys_exit.o ABSOLUTE
    ../clib/angel/sysapp.c                   0x00000000   Number         0  sys_wrch.o ABSOLUTE
    ../clib/angel/sysapp.c                   0x00000000   Number         0  sys_command.o ABSOLUTE
    ../clib/armsys.c                         0x00000000   Number         0  argv_veneer.o ABSOLUTE
    ../clib/armsys.c                         0x00000000   Number         0  no_argv.o ABSOLUTE
    ../clib/armsys.c                         0x00000000   Number         0  _get_argv_nomalloc.o ABSOLUTE
    ../clib/armsys.c                         0x00000000   Number         0  argv_veneer.o ABSOLUTE
    ../clib/heapalloc.c                      0x00000000   Number         0  hrguard.o ABSOLUTE
    ../clib/heapaux.c                        0x00000000   Number         0  heapauxi.o ABSOLUTE
    ../clib/libinit.s                        0x00000000   Number         0  libinit2.o ABSOLUTE
    ../clib/libinit.s                        0x00000000   Number         0  libinit.o ABSOLUTE
    ../clib/libinit.s                        0x00000000   Number         0  libshutdown.o ABSOLUTE
    ../clib/libinit.s                        0x00000000   Number         0  libshutdown2.o ABSOLUTE
    ../clib/signal.c                         0x00000000   Number         0  defsig_general.o ABSOLUTE
    ../clib/signal.c                         0x00000000   Number         0  __raise.o ABSOLUTE
    ../clib/signal.c                         0x00000000   Number         0  defsig_rtmem_inner.o ABSOLUTE
    ../clib/signal.c                         0x00000000   Number         0  defsig_rtmem_formal.o ABSOLUTE
    ../clib/signal.c                         0x00000000   Number         0  defsig_rtmem_outer.o ABSOLUTE
    ../clib/signal.c                         0x00000000   Number         0  defsig_exit.o ABSOLUTE
    ../clib/signal.c                         0x00000000   Number         0  defsig_abrt_inner.o ABSOLUTE
    ../clib/signal.c                         0x00000000   Number         0  defsig_cppl_inner.o ABSOLUTE
    ../clib/signal.c                         0x00000000   Number         0  defsig_pvfn_inner.o ABSOLUTE
    ../clib/signal.c                         0x00000000   Number         0  defsig_segv_inner.o ABSOLUTE
    ../clib/signal.c                         0x00000000   Number         0  defsig_stak_inner.o ABSOLUTE
    ../clib/signal.c                         0x00000000   Number         0  defsig_rtred_inner.o ABSOLUTE
    ../clib/signal.c                         0x00000000   Number         0  defsig_fpe_inner.o ABSOLUTE
    ../clib/signal.c                         0x00000000   Number         0  defsig_other.o ABSOLUTE
    ../clib/signal.s                         0x00000000   Number         0  defsig.o ABSOLUTE
    ../clib/stdlib.c                         0x00000000   Number         0  exit.o ABSOLUTE
    ../fplib/fpinit.s                        0x00000000   Number         0  fpinit.o ABSOLUTE
    ADC.c                                    0x00000000   Number         0  adc.o ABSOLUTE
    Engine.c                                 0x00000000   Number         0  engine.o ABSOLUTE
    FiFo.c                                   0x00000000   Number         0  fifo.o ABSOLUTE
    Game.c                                   0x00000000   Number         0  game.o ABSOLUTE
    LCD.s                                    0x00000000   Number         0  lcd.o ABSOLUTE
    Maze.c                                   0x00000000   Number         0  maze.o ABSOLUTE
    Memory.c                                 0x00000000   Number         0  memory.o ABSOLUTE
    Menu.c                                   0x00000000   Number         0  menu.o ABSOLUTE
    MorseCode.c                              0x00000000   Number         0  morsecode.o ABSOLUTE
    PLL.c                                    0x00000000   Number         0  pll.o ABSOLUTE
    Password.c                               0x00000000   Number         0  password.o ABSOLUTE
    Print.s                                  0x00000000   Number         0  print.o ABSOLUTE
    ST7735.c                                 0x00000000   Number         0  st7735.o ABSOLUTE
    SimonSays.c                              0x00000000   Number         0  simonsays.o ABSOLUTE
    SpaceInvaders.c                          0x00000000   Number         0  spaceinvaders.o ABSOLUTE
    Strike.c                                 0x00000000   Number         0  strike.o ABSOLUTE
    SysTick.c                                0x00000000   Number         0  systick.o ABSOLUTE
    Timer0.c                                 0x00000000   Number         0  timer0.o ABSOLUTE
    Timer1.c                                 0x00000000   Number         0  timer1.o ABSOLUTE
    UART.c                                   0x00000000   Number         0  uart.o ABSOLUTE
    dc.s                                     0x00000000   Number         0  dc.o ABSOLUTE
    random.s                                 0x00000000   Number         0  random.o ABSOLUTE
    startup.s                                0x00000000   Number         0  startup.o ABSOLUTE
    !!!main                                  0x00000284   Section        8  __main.o(!!!main)
    !!!scatter                               0x0000028c   Section       52  __scatter.o(!!!scatter)
    !!dczerorl2                              0x000002c0   Section       90  __dczerorl2.o(!!dczerorl2)
    !!handler_zi                             0x0000031c   Section       28  __scatter_zi.o(!!handler_zi)
    .ARM.Collect$$libinit$$00000000          0x00000338   Section        2  libinit.o(.ARM.Collect$$libinit$$00000000)
    .ARM.Collect$$libinit$$00000002          0x0000033a   Section        0  libinit2.o(.ARM.Collect$$libinit$$00000002)
    .ARM.Collect$$libinit$$00000008          0x0000033a   Section        0  libinit2.o(.ARM.Collect$$libinit$$00000008)
    .ARM.Collect$$libinit$$0000000A          0x0000033a   Section        0  libinit2.o(.ARM.Collect$$libinit$$0000000A)
    .ARM.Collect$$libinit$$0000000C          0x0000033a   Section        0  libinit2.o(.ARM.Collect$$libinit$$0000000C)
    .ARM.Collect$$libinit$$0000000F          0x0000033a   Section        0  libinit2.o(.ARM.Collect$$libinit$$0000000F)
    .ARM.Collect$$libinit$$00000011          0x0000033a   Section        0  libinit2.o(.ARM.Collect$$libinit$$00000011)
    .ARM.Collect$$libinit$$00000013          0x0000033a   Section        0  libinit2.o(.ARM.Collect$$libinit$$00000013)
    .ARM.Collect$$libinit$$00000015          0x0000033a   Section        0  libinit2.o(.ARM.Collect$$libinit$$00000015)
    .ARM.Collect$$libinit$$00000017          0x0000033a   Section        0  libinit2.o(.ARM.Collect$$libinit$$00000017)
    .ARM.Collect$$libinit$$00000019          0x0000033a   Section        0  libinit2.o(.ARM.Collect$$libinit$$00000019)
    .ARM.Collect$$libinit$$0000001B          0x0000033a   Section        0  libinit2.o(.ARM.Collect$$libinit$$0000001B)
    .ARM.Collect$$libinit$$0000001D          0x0000033a   Section        0  libinit2.o(.ARM.Collect$$libinit$$0000001D)
    .ARM.Collect$$libinit$$0000001F          0x0000033a   Section        0  libinit2.o(.ARM.Collect$$libinit$$0000001F)
    .ARM.Collect$$libinit$$00000021          0x0000033a   Section        0  libinit2.o(.ARM.Collect$$libinit$$00000021)
    .ARM.Collect$$libinit$$00000023          0x0000033a   Section        0  libinit2.o(.ARM.Collect$$libinit$$00000023)
    .ARM.Collect$$libinit$$0000002A          0x0000033a   Section        0  libinit2.o(.ARM.Collect$$libinit$$0000002A)
    .ARM.Collect$$libinit$$0000002C          0x0000033a   Section        0  libinit2.o(.ARM.Collect$$libinit$$0000002C)
    .ARM.Collect$$libinit$$0000002E          0x0000033a   Section        0  libinit2.o(.ARM.Collect$$libinit$$0000002E)
    .ARM.Collect$$libinit$$00000030          0x0000033a   Section        0  libinit2.o(.ARM.Collect$$libinit$$00000030)
    .ARM.Collect$$libinit$$00000031          0x0000033a   Section        2  libinit2.o(.ARM.Collect$$libinit$$00000031)
    .ARM.Collect$$libshutdown$$00000000      0x0000033c   Section        2  libshutdown.o(.ARM.Collect$$libshutdown$$00000000)
    .ARM.Collect$$libshutdown$$00000003      0x0000033e   Section        0  libshutdown2.o(.ARM.Collect$$libshutdown$$00000003)
    .ARM.Collect$$libshutdown$$00000006      0x0000033e   Section        0  libshutdown2.o(.ARM.Collect$$libshutdown$$00000006)
    .ARM.Collect$$libshutdown$$00000009      0x0000033e   Section        0  libshutdown2.o(.ARM.Collect$$libshutdown$$00000009)
    .ARM.Collect$$libshutdown$$0000000B      0x0000033e   Section        0  libshutdown2.o(.ARM.Collect$$libshutdown$$0000000B)
    .ARM.Collect$$libshutdown$$0000000E      0x0000033e   Section        0  libshutdown2.o(.ARM.Collect$$libshutdown$$0000000E)
    .ARM.Collect$$libshutdown$$0000000F      0x0000033e   Section        2  libshutdown2.o(.ARM.Collect$$libshutdown$$0000000F)
    .ARM.Collect$$rtentry$$00000000          0x00000340   Section        0  rtentry.o(.ARM.Collect$$rtentry$$00000000)
    .ARM.Collect$$rtentry$$00000002          0x00000340   Section        0  rtentry2.o(.ARM.Collect$$rtentry$$00000002)
    .ARM.Collect$$rtentry$$00000004          0x00000340   Section        6  rtentry4.o(.ARM.Collect$$rtentry$$00000004)
    .ARM.Collect$$rtentry$$00000009          0x00000346   Section        0  rtentry2.o(.ARM.Collect$$rtentry$$00000009)
    .ARM.Collect$$rtentry$$0000000A          0x00000346   Section        4  rtentry2.o(.ARM.Collect$$rtentry$$0000000A)
    .ARM.Collect$$rtentry$$0000000C          0x0000034a   Section        0  rtentry2.o(.ARM.Collect$$rtentry$$0000000C)
    .ARM.Collect$$rtentry$$0000000D          0x0000034a   Section        8  rtentry2.o(.ARM.Collect$$rtentry$$0000000D)
    .ARM.Collect$$rtexit$$00000000           0x00000352   Section        2  rtexit.o(.ARM.Collect$$rtexit$$00000000)
    .ARM.Collect$$rtexit$$00000002           0x00000354   Section        0  rtexit2.o(.ARM.Collect$$rtexit$$00000002)
    .ARM.Collect$$rtexit$$00000003           0x00000354   Section        4  rtexit2.o(.ARM.Collect$$rtexit$$00000003)
    .ARM.Collect$$rtexit$$00000004           0x00000358   Section        6  rtexit2.o(.ARM.Collect$$rtexit$$00000004)
    .text                                    0x00000360   Section       48  startup.o(.text)
    .text                                    0x00000390   Section       60  random.o(.text)
    .text                                    0x000003cc   Section       80  lcd.o(.text)
    .text                                    0x0000041c   Section        0  heapauxi.o(.text)
    .text                                    0x00000422   Section       74  sys_stackheap_outer.o(.text)
    .text                                    0x0000046c   Section        0  exit.o(.text)
    .text                                    0x00000478   Section        8  libspace.o(.text)
    .text                                    0x00000480   Section        0  sys_exit.o(.text)
    .text                                    0x0000048c   Section        2  use_no_semi.o(.text)
    .text                                    0x0000048e   Section        0  indicate_semi.o(.text)
    i.ADC_In89                               0x00000490   Section        0  adc.o(i.ADC_In89)
    i.ADC_Init                               0x000004c8   Section        0  adc.o(i.ADC_Init)
    i.AddStrike                              0x00000598   Section        0  strike.o(i.AddStrike)
    i.BowlIt                                 0x0000069c   Section        0  morsecode.o(i.BowlIt)
    i.ConvertMessage                         0x000006e4   Section        0  uart.o(i.ConvertMessage)
    i.CopyMaze                               0x00000718   Section        0  maze.o(i.CopyMaze)
    i.Dash                                   0x00000748   Section        0  morsecode.o(i.Dash)
    i.Delay1ms                               0x0000079c   Section        0  st7735.o(i.Delay1ms)
    i.Dot                                    0x000007bc   Section        0  morsecode.o(i.Dot)
    i.DrawArrows                             0x0000080c   Section        0  password.o(i.DrawArrows)
    i.DrawBig                                0x000009a8   Section        0  memory.o(i.DrawBig)
    i.DrawHertz                              0x00000b20   Section        0  morsecode.o(i.DrawHertz)
    i.EdgeCounter_Init                       0x00000c28   Section        0  uart.o(i.EdgeCounter_Init)
    i.Engine_Run                             0x00000cfc   Section        0  engine.o(i.Engine_Run)
    i.FakeIt                                 0x00000d44   Section        0  morsecode.o(i.FakeIt)
    i.FiFo_Put                               0x00000d7c   Section        0  fifo.o(i.FiFo_Put)
    i.FoolIt                                 0x00000dd8   Section        0  morsecode.o(i.FoolIt)
    i.GPIOPortF_Handler                      0x00000e20   Section        0  uart.o(i.GPIOPortF_Handler)
    i.GameInit                               0x00000e44   Section        0  game.o(i.GameInit)
    i.Init_Tranfer                           0x00000f30   Section        0  uart.o(i.Init_Tranfer)
    i.LevelFourMenu                          0x00000f64   Section        0  menu.o(i.LevelFourMenu)
    i.LevelFourRun                           0x00000f9c   Section        0  engine.o(i.LevelFourRun)
    i.LevelInit                              0x00001200   Section        0  engine.o(i.LevelInit)
    i.LevelOneMenu                           0x00001214   Section        0  menu.o(i.LevelOneMenu)
    i.LevelOneRun                            0x0000124c   Section        0  engine.o(i.LevelOneRun)
    i.LevelThreeMenu                         0x0000132c   Section        0  menu.o(i.LevelThreeMenu)
    i.LevelThreeRun                          0x00001364   Section        0  engine.o(i.LevelThreeRun)
    i.LevelTwoMenu                           0x00001504   Section        0  menu.o(i.LevelTwoMenu)
    i.LevelTwoRun                            0x0000153c   Section        0  engine.o(i.LevelTwoRun)
    i.MakeIt                                 0x00001638   Section        0  morsecode.o(i.MakeIt)
    i.Maze_Run                               0x00001668   Section        0  maze.o(i.Maze_Run)
    i.MemoryEngine                           0x000017e0   Section        0  memory.o(i.MemoryEngine)
    i.MemoryGame_Run                         0x00001838   Section        0  memory.o(i.MemoryGame_Run)
    i.Menu_Run                               0x00001938   Section        0  menu.o(i.Menu_Run)
    i.MorseCodeEngine                        0x00001a70   Section        0  morsecode.o(i.MorseCodeEngine)
    i.MoveDown                               0x00001be8   Section        0  maze.o(i.MoveDown)
    i.MoveLeft                               0x00001c84   Section        0  maze.o(i.MoveLeft)
    i.MoveRight                              0x00001d20   Section        0  maze.o(i.MoveRight)
    i.MoveUp                                 0x00001dbc   Section        0  maze.o(i.MoveUp)
    i.PLL_Init                               0x00001e58   Section        0  pll.o(i.PLL_Init)
    i.Password_Run                           0x00001ed4   Section        0  password.o(i.Password_Run)
    i.PollTheButtons                         0x00002184   Section        0  simonsays.o(i.PollTheButtons)
    i.ProcessInput                           0x000022dc   Section        0  simonsays.o(i.ProcessInput)
    i.ProcessStage                           0x00002380   Section        0  memory.o(i.ProcessStage)
    i.Rando                                  0x000024c8   Section        0  morsecode.o(i.Rando)
    i.RandomGeno                             0x000024dc   Section        0  simonsays.o(i.RandomGeno)
    i.Round                                  0x000024ec   Section        0  simonsays.o(i.Round)
    i.ST7735_DrawBitmap                      0x000025d0   Section        0  st7735.o(i.ST7735_DrawBitmap)
    i.ST7735_DrawCharS                       0x000026f0   Section        0  st7735.o(i.ST7735_DrawCharS)
    i.ST7735_DrawPixel                       0x000027e4   Section        0  st7735.o(i.ST7735_DrawPixel)
    i.ST7735_DrawString                      0x0000282c   Section        0  st7735.o(i.ST7735_DrawString)
    i.ST7735_FillRect                        0x00002884   Section        0  st7735.o(i.ST7735_FillRect)
    i.ST7735_FillScreen                      0x00002930   Section        0  st7735.o(i.ST7735_FillScreen)
    i.ST7735_InitR                           0x00002954   Section        0  st7735.o(i.ST7735_InitR)
    i.ST7735_OutChar                         0x000029d0   Section        0  st7735.o(i.ST7735_OutChar)
    i.ST7735_OutString                       0x00002aa4   Section        0  st7735.o(i.ST7735_OutString)
    i.ST7735_SetCursor                       0x00002abc   Section        0  st7735.o(i.ST7735_SetCursor)
    i.Send                                   0x00002adc   Section        0  uart.o(i.Send)
    i.SendTo                                 0x00002ae8   Section        0  uart.o(i.SendTo)
    i.SimonSaysEngine                        0x00002b2c   Section        0  simonsays.o(i.SimonSaysEngine)
    i.Space                                  0x00002b44   Section        0  morsecode.o(i.Space)
    i.StrCmp                                 0x00002b58   Section        0  password.o(i.StrCmp)
    i.SysTick_Handler                        0x00002b78   Section        0  systick.o(i.SysTick_Handler)
    i.SysTick_Init                           0x00002bfc   Section        0  systick.o(i.SysTick_Init)
    i.Timer0A_Handler                        0x00002c2c   Section        0  timer0.o(i.Timer0A_Handler)
    i.Timer0A_Start                          0x00002c44   Section        0  timer0.o(i.Timer0A_Start)
    i.Timer0A_Stop                           0x00002c58   Section        0  timer0.o(i.Timer0A_Stop)
    i.Timer0_Init                            0x00002c6c   Section        0  timer0.o(i.Timer0_Init)
    i.Timer1A_Handler                        0x00002ccc   Section        0  timer1.o(i.Timer1A_Handler)
    i.TollIt                                 0x00002ce4   Section        0  morsecode.o(i.TollIt)
    i.Transit                                0x00002d24   Section        0  engine.o(i.Transit)
    i.UART1_Handler                          0x00002da8   Section        0  uart.o(i.UART1_Handler)
    i.UART_InChar                            0x00002dfc   Section        0  uart.o(i.UART_InChar)
    i.UART_Init                              0x00002e14   Section        0  uart.o(i.UART_Init)
    i.UART_OutChar                           0x00002f00   Section        0  uart.o(i.UART_OutChar)
    i.Win                                    0x00002f18   Section        0  engine.o(i.Win)
    i.arrowAnimation                         0x00002fdc   Section        0  menu.o(i.arrowAnimation)
    i.commandList                            0x0000305c   Section        0  st7735.o(i.commandList)
    commandList                              0x0000305d   Thumb Code    86  st7735.o(i.commandList)
    i.commonInit                             0x000030b4   Section        0  st7735.o(i.commonInit)
    commonInit                               0x000030b5   Thumb Code   340  st7735.o(i.commonInit)
    i.drawLetters                            0x00003238   Section        0  password.o(i.drawLetters)
    i.drawLoad                               0x000033b4   Section        0  simonsays.o(i.drawLoad)
    i.drawMaze                               0x00003404   Section        0  maze.o(i.drawMaze)
    i.getStX                                 0x00003514   Section        0  st7735.o(i.getStX)
    i.getStY                                 0x00003520   Section        0  st7735.o(i.getStY)
    i.main                                   0x0000352c   Section        0  spaceinvaders.o(i.main)
    i.myClock                                0x00003544   Section        0  engine.o(i.myClock)
    i.outLight                               0x000035f0   Section        0  simonsays.o(i.outLight)
    i.pushColor                              0x00003684   Section        0  st7735.o(i.pushColor)
    pushColor                                0x00003685   Thumb Code    18  st7735.o(i.pushColor)
    i.setAddrWindow                          0x00003698   Section        0  st7735.o(i.setAddrWindow)
    setAddrWindow                            0x00003699   Thumb Code   106  st7735.o(i.setAddrWindow)
    i.setMenuLevel                           0x0000370c   Section        0  menu.o(i.setMenuLevel)
    .constdata                               0x0000374c   Section     2018  st7735.o(.constdata)
    Font                                     0x0000374c   Data        1275  st7735.o(.constdata)
    Bcmd                                     0x00003c47   Data         103  st7735.o(.constdata)
    Rcmd1                                    0x00003cae   Data          59  st7735.o(.constdata)
    Rcmd2green                               0x00003ce9   Data          13  st7735.o(.constdata)
    Rcmd2red                                 0x00003cf6   Data          13  st7735.o(.constdata)
    Rcmd3                                    0x00003d03   Data          43  st7735.o(.constdata)
    .constdata                               0x00003f2e   Section    17546  menu.o(.constdata)
    .constdata                               0x000083b8   Section       24  simonsays.o(.constdata)
    .constdata                               0x000083d0   Section    23040  strike.o(.constdata)
    .constdata                               0x0000ddd0   Section     7686  morsecode.o(.constdata)
    .constdata                               0x0000fbd6   Section    19434  memory.o(.constdata)
    .constdata                               0x000147c0   Section     3200  maze.o(.constdata)
    .constdata                               0x00015440   Section      676  password.o(.constdata)
    .data                                    0x20000000   Section        4  timer0.o(.data)
    .data                                    0x20000004   Section        4  timer1.o(.data)
    .data                                    0x20000008   Section       44  st7735.o(.data)
    _width                                   0x20000012   Data           2  st7735.o(.data)
    _height                                  0x20000014   Data           2  st7735.o(.data)
    ColStart                                 0x2000001c   Data           1  st7735.o(.data)
    RowStart                                 0x2000001d   Data           1  st7735.o(.data)
    Rotation                                 0x2000001e   Data           1  st7735.o(.data)
    TabColor                                 0x2000001f   Data           1  st7735.o(.data)
    .data                                    0x20000034   Section        8  menu.o(.data)
    .data                                    0x2000003c   Section       20  simonsays.o(.data)
    .data                                    0x20000050   Section       16  systick.o(.data)
    .data                                    0x20000060   Section        1  strike.o(.data)
    .data                                    0x20000064   Section       12  engine.o(.data)
    .data                                    0x20000070   Section        1  morsecode.o(.data)
    .data                                    0x20000071   Section        2  memory.o(.data)
    .data                                    0x20000074   Section       12  fifo.o(.data)
    .data                                    0x20000080   Section       56  uart.o(.data)
    .data                                    0x200000b8   Section      152  maze.o(.data)
    .data                                    0x20000150   Section       74  password.o(.data)
    DATA                                     0x2000019c   Section        4  random.o(DATA)
    M                                        0x2000019c   Data           4  random.o(DATA)
    .bss                                     0x200001a0   Section       16  fifo.o(.bss)
    .bss                                     0x200001b0   Section       36  maze.o(.bss)
    .bss                                     0x200001d4   Section       96  libspace.o(.bss)
    HEAP                                     0x20000238   Section        0  startup.o(HEAP)
    STACK                                    0x20000238   Section     1024  startup.o(STACK)
    HeapMem                                  0x20000238   Data           0  startup.o(HEAP)
    StackMem                                 0x20000238   Data           0  startup.o(STACK)

    Global Symbols

    Symbol Name                              Value     Ov Type        Size  Object(Section)

    BuildAttributes$$THM_ISAv4$E$P$D$K$B$S$7EM$PE$A:L22UL41UL21$X:L11$S22US41US21$IEEE1$IW$USESV6$~STKCKD$USESV7$~SHL$OSPACE$ROPI$EBA8$UX$STANDARDLIB$REQ8$PRES8$EABIv2 0x00000000   Number         0  anon$$obj.o ABSOLUTE
    __ARM_use_no_argv                        0x00000000   Number         0  spaceinvaders.o ABSOLUTE
    __Vectors                                0x00000000   Data           0  startup.o(RESET)
    __ARM_exceptions_init                     - Undefined Weak Reference
    __alloca_initialize                       - Undefined Weak Reference
    __cpp_initialize__aeabi_                  - Undefined Weak Reference
    __cxa_finalize                            - Undefined Weak Reference
    __rt_locale                               - Undefined Weak Reference
    __sigvec_lookup                           - Undefined Weak Reference
    _atexit_init                              - Undefined Weak Reference
    _call_atexit_fns                          - Undefined Weak Reference
    _clock_init                               - Undefined Weak Reference
    _fp_trap_init                             - Undefined Weak Reference
    _fp_trap_shutdown                         - Undefined Weak Reference
    _get_lc_collate                           - Undefined Weak Reference
    _get_lc_ctype                             - Undefined Weak Reference
    _get_lc_monetary                          - Undefined Weak Reference
    _get_lc_numeric                           - Undefined Weak Reference
    _get_lc_time                              - Undefined Weak Reference
    _getenv_init                              - Undefined Weak Reference
    _handle_redirection                       - Undefined Weak Reference
    _init_alloc                               - Undefined Weak Reference
    _init_user_alloc                          - Undefined Weak Reference
    _initio                                   - Undefined Weak Reference
    _rand_init                                - Undefined Weak Reference
    _signal_finish                            - Undefined Weak Reference
    _signal_init                              - Undefined Weak Reference
    _terminate_alloc                          - Undefined Weak Reference
    _terminate_user_alloc                     - Undefined Weak Reference
    _terminateio                              - Undefined Weak Reference
    Reset_Handler                            0x0000026d   Thumb Code     0  startup.o(RESET)
    NMI_Handler                              0x00000271   Thumb Code     2  startup.o(RESET)
    HardFault_Handler                        0x00000273   Thumb Code     2  startup.o(RESET)
    MemManage_Handler                        0x00000275   Thumb Code     2  startup.o(RESET)
    BusFault_Handler                         0x00000277   Thumb Code     2  startup.o(RESET)
    UsageFault_Handler                       0x00000279   Thumb Code     2  startup.o(RESET)
    SVC_Handler                              0x0000027b   Thumb Code     2  startup.o(RESET)
    DebugMon_Handler                         0x0000027d   Thumb Code     2  startup.o(RESET)
    PendSV_Handler                           0x0000027f   Thumb Code     2  startup.o(RESET)
    ADC0Seq0_Handler                         0x00000283   Thumb Code     0  startup.o(RESET)
    ADC0Seq1_Handler                         0x00000283   Thumb Code     0  startup.o(RESET)
    ADC0Seq2_Handler                         0x00000283   Thumb Code     0  startup.o(RESET)
    ADC0Seq3_Handler                         0x00000283   Thumb Code     0  startup.o(RESET)
    ADC1Seq0_Handler                         0x00000283   Thumb Code     0  startup.o(RESET)
    ADC1Seq1_Handler                         0x00000283   Thumb Code     0  startup.o(RESET)
    ADC1Seq2_Handler                         0x00000283   Thumb Code     0  startup.o(RESET)
    ADC1Seq3_Handler                         0x00000283   Thumb Code     0  startup.o(RESET)
    CAN0_Handler                             0x00000283   Thumb Code     0  startup.o(RESET)
    CAN1_Handler                             0x00000283   Thumb Code     0  startup.o(RESET)
    CAN2_Handler                             0x00000283   Thumb Code     0  startup.o(RESET)
    Comp0_Handler                            0x00000283   Thumb Code     0  startup.o(RESET)
    Comp1_Handler                            0x00000283   Thumb Code     0  startup.o(RESET)
    Comp2_Handler                            0x00000283   Thumb Code     0  startup.o(RESET)
    Ethernet_Handler                         0x00000283   Thumb Code     0  startup.o(RESET)
    ExtBus_Handler                           0x00000283   Thumb Code     0  startup.o(RESET)
    FPU_Handler                              0x00000283   Thumb Code     0  startup.o(RESET)
    Fan0_Handler                             0x00000283   Thumb Code     0  startup.o(RESET)
    FlashCtl_Handler                         0x00000283   Thumb Code     0  startup.o(RESET)
    GPIOPortA_Handler                        0x00000283   Thumb Code     0  startup.o(RESET)
    GPIOPortB_Handler                        0x00000283   Thumb Code     0  startup.o(RESET)
    GPIOPortC_Handler                        0x00000283   Thumb Code     0  startup.o(RESET)
    GPIOPortD_Handler                        0x00000283   Thumb Code     0  startup.o(RESET)
    GPIOPortE_Handler                        0x00000283   Thumb Code     0  startup.o(RESET)
    GPIOPortG_Handler                        0x00000283   Thumb Code     0  startup.o(RESET)
    GPIOPortH_Handler                        0x00000283   Thumb Code     0  startup.o(RESET)
    GPIOPortJ_Handler                        0x00000283   Thumb Code     0  startup.o(RESET)
    GPIOPortK_Handler                        0x00000283   Thumb Code     0  startup.o(RESET)
    GPIOPortL_Handler                        0x00000283   Thumb Code     0  startup.o(RESET)
    GPIOPortM_Handler                        0x00000283   Thumb Code     0  startup.o(RESET)
    GPIOPortN_Handler                        0x00000283   Thumb Code     0  startup.o(RESET)
    GPIOPortP1_Handler                       0x00000283   Thumb Code     0  startup.o(RESET)
    GPIOPortP2_Handler                       0x00000283   Thumb Code     0  startup.o(RESET)
    GPIOPortP3_Handler                       0x00000283   Thumb Code     0  startup.o(RESET)
    GPIOPortP4_Handler                       0x00000283   Thumb Code     0  startup.o(RESET)
    GPIOPortP5_Handler                       0x00000283   Thumb Code     0  startup.o(RESET)
    GPIOPortP6_Handler                       0x00000283   Thumb Code     0  startup.o(RESET)
    GPIOPortP7_Handler                       0x00000283   Thumb Code     0  startup.o(RESET)
    GPIOPortP_Handler                        0x00000283   Thumb Code     0  startup.o(RESET)
    GPIOPortQ1_Handler                       0x00000283   Thumb Code     0  startup.o(RESET)
    GPIOPortQ2_Handler                       0x00000283   Thumb Code     0  startup.o(RESET)
    GPIOPortQ3_Handler                       0x00000283   Thumb Code     0  startup.o(RESET)
    GPIOPortQ4_Handler                       0x00000283   Thumb Code     0  startup.o(RESET)
    GPIOPortQ5_Handler                       0x00000283   Thumb Code     0  startup.o(RESET)
    GPIOPortQ6_Handler                       0x00000283   Thumb Code     0  startup.o(RESET)
    GPIOPortQ7_Handler                       0x00000283   Thumb Code     0  startup.o(RESET)
    GPIOPortQ_Handler                        0x00000283   Thumb Code     0  startup.o(RESET)
    GPIOPortR_Handler                        0x00000283   Thumb Code     0  startup.o(RESET)
    GPIOPortS_Handler                        0x00000283   Thumb Code     0  startup.o(RESET)
    Hibernate_Handler                        0x00000283   Thumb Code     0  startup.o(RESET)
    I2C0_Handler                             0x00000283   Thumb Code     0  startup.o(RESET)
    I2C1_Handler                             0x00000283   Thumb Code     0  startup.o(RESET)
    I2C2_Handler                             0x00000283   Thumb Code     0  startup.o(RESET)
    I2C3_Handler                             0x00000283   Thumb Code     0  startup.o(RESET)
    I2C4_Handler                             0x00000283   Thumb Code     0  startup.o(RESET)
    I2C5_Handler                             0x00000283   Thumb Code     0  startup.o(RESET)
    I2S0_Handler                             0x00000283   Thumb Code     0  startup.o(RESET)
    LPC0_Handler                             0x00000283   Thumb Code     0  startup.o(RESET)
    PECI0_Handler                            0x00000283   Thumb Code     0  startup.o(RESET)
    PWM0Fault_Handler                        0x00000283   Thumb Code     0  startup.o(RESET)
    PWM0Generator0_Handler                   0x00000283   Thumb Code     0  startup.o(RESET)
    PWM0Generator1_Handler                   0x00000283   Thumb Code     0  startup.o(RESET)
    PWM0Generator2_Handler                   0x00000283   Thumb Code     0  startup.o(RESET)
    PWM0Generator3_Handler                   0x00000283   Thumb Code     0  startup.o(RESET)
    PWM1Fault_Handler                        0x00000283   Thumb Code     0  startup.o(RESET)
    PWM1Generator0_Handler                   0x00000283   Thumb Code     0  startup.o(RESET)
    PWM1Generator1_Handler                   0x00000283   Thumb Code     0  startup.o(RESET)
    PWM1Generator2_Handler                   0x00000283   Thumb Code     0  startup.o(RESET)
    PWM1Generator3_Handler                   0x00000283   Thumb Code     0  startup.o(RESET)
    Quadrature0_Handler                      0x00000283   Thumb Code     0  startup.o(RESET)
    Quadrature1_Handler                      0x00000283   Thumb Code     0  startup.o(RESET)
    Quadrature2_Handler                      0x00000283   Thumb Code     0  startup.o(RESET)
    SSI0_Handler                             0x00000283   Thumb Code     0  startup.o(RESET)
    SSI1_Handler                             0x00000283   Thumb Code     0  startup.o(RESET)
    SSI2_Handler                             0x00000283   Thumb Code     0  startup.o(RESET)
    SSI3_Handler                             0x00000283   Thumb Code     0  startup.o(RESET)
    SysCtl_Handler                           0x00000283   Thumb Code     0  startup.o(RESET)
    Timer0B_Handler                          0x00000283   Thumb Code     0  startup.o(RESET)
    Timer1B_Handler                          0x00000283   Thumb Code     0  startup.o(RESET)
    Timer2A_Handler                          0x00000283   Thumb Code     0  startup.o(RESET)
    Timer2B_Handler                          0x00000283   Thumb Code     0  startup.o(RESET)
    Timer3A_Handler                          0x00000283   Thumb Code     0  startup.o(RESET)
    Timer3B_Handler                          0x00000283   Thumb Code     0  startup.o(RESET)
    Timer4A_Handler                          0x00000283   Thumb Code     0  startup.o(RESET)
    Timer4B_Handler                          0x00000283   Thumb Code     0  startup.o(RESET)
    Timer5A_Handler                          0x00000283   Thumb Code     0  startup.o(RESET)
    Timer5B_Handler                          0x00000283   Thumb Code     0  startup.o(RESET)
    UART0_Handler                            0x00000283   Thumb Code     0  startup.o(RESET)
    UART2_Handler                            0x00000283   Thumb Code     0  startup.o(RESET)
    UART3_Handler                            0x00000283   Thumb Code     0  startup.o(RESET)
    UART4_Handler                            0x00000283   Thumb Code     0  startup.o(RESET)
    UART5_Handler                            0x00000283   Thumb Code     0  startup.o(RESET)
    UART6_Handler                            0x00000283   Thumb Code     0  startup.o(RESET)
    UART7_Handler                            0x00000283   Thumb Code     0  startup.o(RESET)
    USB0_Handler                             0x00000283   Thumb Code     0  startup.o(RESET)
    WDT_Handler                              0x00000283   Thumb Code     0  startup.o(RESET)
    WideTimer0A_Handler                      0x00000283   Thumb Code     0  startup.o(RESET)
    WideTimer0B_Handler                      0x00000283   Thumb Code     0  startup.o(RESET)
    WideTimer1A_Handler                      0x00000283   Thumb Code     0  startup.o(RESET)
    WideTimer1B_Handler                      0x00000283   Thumb Code     0  startup.o(RESET)
    WideTimer2A_Handler                      0x00000283   Thumb Code     0  startup.o(RESET)
    WideTimer2B_Handler                      0x00000283   Thumb Code     0  startup.o(RESET)
    WideTimer3A_Handler                      0x00000283   Thumb Code     0  startup.o(RESET)
    WideTimer3B_Handler                      0x00000283   Thumb Code     0  startup.o(RESET)
    WideTimer4A_Handler                      0x00000283   Thumb Code     0  startup.o(RESET)
    WideTimer4B_Handler                      0x00000283   Thumb Code     0  startup.o(RESET)
    WideTimer5A_Handler                      0x00000283   Thumb Code     0  startup.o(RESET)
    WideTimer5B_Handler                      0x00000283   Thumb Code     0  startup.o(RESET)
    uDMA_Error                               0x00000283   Thumb Code     0  startup.o(RESET)
    uDMA_Handler                             0x00000283   Thumb Code     0  startup.o(RESET)
    __main                                   0x00000285   Thumb Code     8  __main.o(!!!main)
    __scatterload                            0x0000028d   Thumb Code     0  __scatter.o(!!!scatter)
    __scatterload_rt2                        0x0000028d   Thumb Code    44  __scatter.o(!!!scatter)
    __scatterload_rt2_thumb_only             0x0000028d   Thumb Code     0  __scatter.o(!!!scatter)
    __scatterload_null                       0x0000029b   Thumb Code     0  __scatter.o(!!!scatter)
    __decompress                             0x000002c1   Thumb Code    90  __dczerorl2.o(!!dczerorl2)
    __decompress1                            0x000002c1   Thumb Code     0  __dczerorl2.o(!!dczerorl2)
    __scatterload_zeroinit                   0x0000031d   Thumb Code    28  __scatter_zi.o(!!handler_zi)
    __rt_lib_init                            0x00000339   Thumb Code     0  libinit.o(.ARM.Collect$$libinit$$00000000)
    __rt_lib_init_alloca_1                   0x0000033b   Thumb Code     0  libinit2.o(.ARM.Collect$$libinit$$0000002C)
    __rt_lib_init_argv_1                     0x0000033b   Thumb Code     0  libinit2.o(.ARM.Collect$$libinit$$0000002A)
    __rt_lib_init_atexit_1                   0x0000033b   Thumb Code     0  libinit2.o(.ARM.Collect$$libinit$$00000019)
    __rt_lib_init_clock_1                    0x0000033b   Thumb Code     0  libinit2.o(.ARM.Collect$$libinit$$0000001F)
    __rt_lib_init_cpp_1                      0x0000033b   Thumb Code     0  libinit2.o(.ARM.Collect$$libinit$$00000030)
    __rt_lib_init_exceptions_1               0x0000033b   Thumb Code     0  libinit2.o(.ARM.Collect$$libinit$$0000002E)
    __rt_lib_init_fp_1                       0x0000033b   Thumb Code     0  libinit2.o(.ARM.Collect$$libinit$$00000002)
    __rt_lib_init_fp_trap_1                  0x0000033b   Thumb Code     0  libinit2.o(.ARM.Collect$$libinit$$0000001D)
    __rt_lib_init_getenv_1                   0x0000033b   Thumb Code     0  libinit2.o(.ARM.Collect$$libinit$$00000021)
    __rt_lib_init_heap_1                     0x0000033b   Thumb Code     0  libinit2.o(.ARM.Collect$$libinit$$00000008)
    __rt_lib_init_lc_collate_1               0x0000033b   Thumb Code     0  libinit2.o(.ARM.Collect$$libinit$$0000000F)
    __rt_lib_init_lc_ctype_1                 0x0000033b   Thumb Code     0  libinit2.o(.ARM.Collect$$libinit$$00000011)
    __rt_lib_init_lc_monetary_1              0x0000033b   Thumb Code     0  libinit2.o(.ARM.Collect$$libinit$$00000013)
    __rt_lib_init_lc_numeric_1               0x0000033b   Thumb Code     0  libinit2.o(.ARM.Collect$$libinit$$00000015)
    __rt_lib_init_lc_time_1                  0x0000033b   Thumb Code     0  libinit2.o(.ARM.Collect$$libinit$$00000017)
    __rt_lib_init_rand_1                     0x0000033b   Thumb Code     0  libinit2.o(.ARM.Collect$$libinit$$0000000C)
    __rt_lib_init_return                     0x0000033b   Thumb Code     0  libinit2.o(.ARM.Collect$$libinit$$00000031)
    __rt_lib_init_signal_1                   0x0000033b   Thumb Code     0  libinit2.o(.ARM.Collect$$libinit$$0000001B)
    __rt_lib_init_stdio_1                    0x0000033b   Thumb Code     0  libinit2.o(.ARM.Collect$$libinit$$00000023)
    __rt_lib_init_user_alloc_1               0x0000033b   Thumb Code     0  libinit2.o(.ARM.Collect$$libinit$$0000000A)
    __rt_lib_shutdown                        0x0000033d   Thumb Code     0  libshutdown.o(.ARM.Collect$$libshutdown$$00000000)
    __rt_lib_shutdown_fp_trap_1              0x0000033f   Thumb Code     0  libshutdown2.o(.ARM.Collect$$libshutdown$$00000006)
    __rt_lib_shutdown_heap_1                 0x0000033f   Thumb Code     0  libshutdown2.o(.ARM.Collect$$libshutdown$$0000000E)
    __rt_lib_shutdown_return                 0x0000033f   Thumb Code     0  libshutdown2.o(.ARM.Collect$$libshutdown$$0000000F)
    __rt_lib_shutdown_signal_1               0x0000033f   Thumb Code     0  libshutdown2.o(.ARM.Collect$$libshutdown$$00000009)
    __rt_lib_shutdown_stdio_1                0x0000033f   Thumb Code     0  libshutdown2.o(.ARM.Collect$$libshutdown$$00000003)
    __rt_lib_shutdown_user_alloc_1           0x0000033f   Thumb Code     0  libshutdown2.o(.ARM.Collect$$libshutdown$$0000000B)
    __rt_entry                               0x00000341   Thumb Code     0  rtentry.o(.ARM.Collect$$rtentry$$00000000)
    __rt_entry_presh_1                       0x00000341   Thumb Code     0  rtentry2.o(.ARM.Collect$$rtentry$$00000002)
    __rt_entry_sh                            0x00000341   Thumb Code     0  rtentry4.o(.ARM.Collect$$rtentry$$00000004)
    __rt_entry_li                            0x00000347   Thumb Code     0  rtentry2.o(.ARM.Collect$$rtentry$$0000000A)
    __rt_entry_postsh_1                      0x00000347   Thumb Code     0  rtentry2.o(.ARM.Collect$$rtentry$$00000009)
    __rt_entry_main                          0x0000034b   Thumb Code     0  rtentry2.o(.ARM.Collect$$rtentry$$0000000D)
    __rt_entry_postli_1                      0x0000034b   Thumb Code     0  rtentry2.o(.ARM.Collect$$rtentry$$0000000C)
    __rt_exit                                0x00000353   Thumb Code     0  rtexit.o(.ARM.Collect$$rtexit$$00000000)
    __rt_exit_ls                             0x00000355   Thumb Code     0  rtexit2.o(.ARM.Collect$$rtexit$$00000003)
    __rt_exit_prels_1                        0x00000355   Thumb Code     0  rtexit2.o(.ARM.Collect$$rtexit$$00000002)
    __rt_exit_exit                           0x00000359   Thumb Code     0  rtexit2.o(.ARM.Collect$$rtexit$$00000004)
    DisableInterrupts                        0x00000361   Thumb Code     0  startup.o(.text)
    EnableInterrupts                         0x00000365   Thumb Code     0  startup.o(.text)
    StartCritical                            0x00000369   Thumb Code     0  startup.o(.text)
    EndCritical                              0x00000371   Thumb Code     0  startup.o(.text)
    WaitForInterrupt                         0x00000377   Thumb Code     0  startup.o(.text)
    __user_initial_stackheap                 0x0000037b   Thumb Code     0  startup.o(.text)
    Random_Init                              0x00000391   Thumb Code     0  random.o(.text)
    Random32                                 0x00000397   Thumb Code     2  random.o(.text)
    Random                                   0x000003a9   Thumb Code     2  random.o(.text)
    writecommand                             0x000003cd   Thumb Code     0  lcd.o(.text)
    writedata                                0x000003f5   Thumb Code     0  lcd.o(.text)
    __use_two_region_memory                  0x0000041d   Thumb Code     2  heapauxi.o(.text)
    __rt_heap_escrow$2region                 0x0000041f   Thumb Code     2  heapauxi.o(.text)
    __rt_heap_expand$2region                 0x00000421   Thumb Code     2  heapauxi.o(.text)
    __user_setup_stackheap                   0x00000423   Thumb Code    74  sys_stackheap_outer.o(.text)
    exit                                     0x0000046d   Thumb Code    12  exit.o(.text)
    __user_libspace                          0x00000479   Thumb Code     8  libspace.o(.text)
    __user_perproc_libspace                  0x00000479   Thumb Code     0  libspace.o(.text)
    __user_perthread_libspace                0x00000479   Thumb Code     0  libspace.o(.text)
    _sys_exit                                0x00000481   Thumb Code     8  sys_exit.o(.text)
    __I$use$semihosting                      0x0000048d   Thumb Code     0  use_no_semi.o(.text)
    __use_no_semihosting_swi                 0x0000048d   Thumb Code     2  use_no_semi.o(.text)
    __semihosting_library_function           0x0000048f   Thumb Code     0  indicate_semi.o(.text)
    ADC_In89                                 0x00000491   Thumb Code    48  adc.o(i.ADC_In89)
    ADC_Init                                 0x000004c9   Thumb Code   182  adc.o(i.ADC_Init)
    AddStrike                                0x00000599   Thumb Code   190  strike.o(i.AddStrike)
    BowlIt                                   0x0000069d   Thumb Code    72  morsecode.o(i.BowlIt)
    ConvertMessage                           0x000006e5   Thumb Code    46  uart.o(i.ConvertMessage)
    CopyMaze                                 0x00000719   Thumb Code    48  maze.o(i.CopyMaze)
    Dash                                     0x00000749   Thumb Code    68  morsecode.o(i.Dash)
    Delay1ms                                 0x0000079d   Thumb Code    32  st7735.o(i.Delay1ms)
    Dot                                      0x000007bd   Thumb Code    68  morsecode.o(i.Dot)
    DrawArrows                               0x0000080d   Thumb Code   394  password.o(i.DrawArrows)
    DrawBig                                  0x000009a9   Thumb Code   354  memory.o(i.DrawBig)
    DrawHertz                                0x00000b21   Thumb Code   232  morsecode.o(i.DrawHertz)
    EdgeCounter_Init                         0x00000c29   Thumb Code   186  uart.o(i.EdgeCounter_Init)
    Engine_Run                               0x00000cfd   Thumb Code    64  engine.o(i.Engine_Run)
    FakeIt                                   0x00000d45   Thumb Code    56  morsecode.o(i.FakeIt)
    FiFo_Put                                 0x00000d7d   Thumb Code    80  fifo.o(i.FiFo_Put)
    FoolIt                                   0x00000dd9   Thumb Code    72  morsecode.o(i.FoolIt)
    GPIOPortF_Handler                        0x00000e21   Thumb Code    22  uart.o(i.GPIOPortF_Handler)
    GameInit                                 0x00000e45   Thumb Code   190  game.o(i.GameInit)
    Init_Tranfer                             0x00000f31   Thumb Code    42  uart.o(i.Init_Tranfer)
    LevelFourMenu                            0x00000f65   Thumb Code    38  menu.o(i.LevelFourMenu)
    LevelFourRun                             0x00000f9d   Thumb Code   550  engine.o(i.LevelFourRun)
    LevelInit                                0x00001201   Thumb Code    18  engine.o(i.LevelInit)
    LevelOneMenu                             0x00001215   Thumb Code    38  menu.o(i.LevelOneMenu)
    LevelOneRun                              0x0000124d   Thumb Code   164  engine.o(i.LevelOneRun)
    LevelThreeMenu                           0x0000132d   Thumb Code    38  menu.o(i.LevelThreeMenu)
    LevelThreeRun                            0x00001365   Thumb Code   352  engine.o(i.LevelThreeRun)
    LevelTwoMenu                             0x00001505   Thumb Code    38  menu.o(i.LevelTwoMenu)
    LevelTwoRun                              0x0000153d   Thumb Code   192  engine.o(i.LevelTwoRun)
    MakeIt                                   0x00001639   Thumb Code    48  morsecode.o(i.MakeIt)
    Maze_Run                                 0x00001669   Thumb Code   322  maze.o(i.Maze_Run)
    MemoryEngine                             0x000017e1   Thumb Code    80  memory.o(i.MemoryEngine)
    MemoryGame_Run                           0x00001839   Thumb Code   190  memory.o(i.MemoryGame_Run)
    Menu_Run                                 0x00001939   Thumb Code   262  menu.o(i.Menu_Run)
    MorseCodeEngine                          0x00001a71   Thumb Code   316  morsecode.o(i.MorseCodeEngine)
    MoveDown                                 0x00001be9   Thumb Code   144  maze.o(i.MoveDown)
    MoveLeft                                 0x00001c85   Thumb Code   144  maze.o(i.MoveLeft)
    MoveRight                                0x00001d21   Thumb Code   144  maze.o(i.MoveRight)
    MoveUp                                   0x00001dbd   Thumb Code   144  maze.o(i.MoveUp)
    PLL_Init                                 0x00001e59   Thumb Code   118  pll.o(i.PLL_Init)
    Password_Run                             0x00001ed5   Thumb Code   630  password.o(i.Password_Run)
    PollTheButtons                           0x00002185   Thumb Code   294  simonsays.o(i.PollTheButtons)
    ProcessInput                             0x000022dd   Thumb Code   152  simonsays.o(i.ProcessInput)
    ProcessStage                             0x00002381   Thumb Code   312  memory.o(i.ProcessStage)
    Rando                                    0x000024c9   Thumb Code    20  morsecode.o(i.Rando)
    RandomGeno                               0x000024dd   Thumb Code    14  simonsays.o(i.RandomGeno)
    Round                                    0x000024ed   Thumb Code   158  simonsays.o(i.Round)
    ST7735_DrawBitmap                        0x000025d1   Thumb Code   280  st7735.o(i.ST7735_DrawBitmap)
    ST7735_DrawCharS                         0x000026f1   Thumb Code   232  st7735.o(i.ST7735_DrawCharS)
    ST7735_DrawPixel                         0x000027e5   Thumb Code    64  st7735.o(i.ST7735_DrawPixel)
    ST7735_DrawString                        0x0000282d   Thumb Code    86  st7735.o(i.ST7735_DrawString)
    ST7735_FillRect                          0x00002885   Thumb Code   164  st7735.o(i.ST7735_FillRect)
    ST7735_FillScreen                        0x00002931   Thumb Code    28  st7735.o(i.ST7735_FillScreen)
    ST7735_InitR                             0x00002955   Thumb Code    90  st7735.o(i.ST7735_InitR)
    ST7735_OutChar                           0x000029d1   Thumb Code   176  st7735.o(i.ST7735_OutChar)
    ST7735_OutString                         0x00002aa5   Thumb Code    24  st7735.o(i.ST7735_OutString)
    ST7735_SetCursor                         0x00002abd   Thumb Code    22  st7735.o(i.ST7735_SetCursor)
    Send                                     0x00002add   Thumb Code     6  uart.o(i.Send)
    SendTo                                   0x00002ae9   Thumb Code    58  uart.o(i.SendTo)
    SimonSaysEngine                          0x00002b2d   Thumb Code    22  simonsays.o(i.SimonSaysEngine)
    Space                                    0x00002b45   Thumb Code    14  morsecode.o(i.Space)
    StrCmp                                   0x00002b59   Thumb Code    32  password.o(i.StrCmp)
    SysTick_Handler                          0x00002b79   Thumb Code   102  systick.o(i.SysTick_Handler)
    SysTick_Init                             0x00002bfd   Thumb Code    42  systick.o(i.SysTick_Init)
    Timer0A_Handler                          0x00002c2d   Thumb Code    16  timer0.o(i.Timer0A_Handler)
    Timer0A_Start                            0x00002c45   Thumb Code    14  timer0.o(i.Timer0A_Start)
    Timer0A_Stop                             0x00002c59   Thumb Code    14  timer0.o(i.Timer0A_Stop)
    Timer0_Init                              0x00002c6d   Thumb Code    76  timer0.o(i.Timer0_Init)
    Timer1A_Handler                          0x00002ccd   Thumb Code    16  timer1.o(i.Timer1A_Handler)
    TollIt                                   0x00002ce5   Thumb Code    64  morsecode.o(i.TollIt)
    Transit                                  0x00002d25   Thumb Code    80  engine.o(i.Transit)
    UART1_Handler                            0x00002da9   Thumb Code    66  uart.o(i.UART1_Handler)
    UART_InChar                              0x00002dfd   Thumb Code    20  uart.o(i.UART_InChar)
    UART_Init                                0x00002e15   Thumb Code   200  uart.o(i.UART_Init)
    UART_OutChar                             0x00002f01   Thumb Code    18  uart.o(i.UART_OutChar)
    Win                                      0x00002f19   Thumb Code   132  engine.o(i.Win)
    arrowAnimation                           0x00002fdd   Thumb Code   114  menu.o(i.arrowAnimation)
    drawLetters                              0x00003239   Thumb Code   364  password.o(i.drawLetters)
    drawLoad                                 0x000033b5   Thumb Code    80  simonsays.o(i.drawLoad)
    drawMaze                                 0x00003405   Thumb Code   256  maze.o(i.drawMaze)
    getStX                                   0x00003515   Thumb Code     6  st7735.o(i.getStX)
    getStY                                   0x00003521   Thumb Code     6  st7735.o(i.getStY)
    main                                     0x0000352d   Thumb Code    22  spaceinvaders.o(i.main)
    myClock                                  0x00003545   Thumb Code   164  engine.o(i.myClock)
    outLight                                 0x000035f1   Thumb Code   134  simonsays.o(i.outLight)
    setMenuLevel                             0x0000370d   Thumb Code    58  menu.o(i.setMenuLevel)
    dBfs                                     0x00003d2e   Data         512  st7735.o(.constdata)
    title                                    0x00003f2e   Data       12320  menu.o(.constdata)
    bomb                                     0x00006f4e   Data         792  menu.o(.constdata)
    leftarrow                                0x00007266   Data         840  menu.o(.constdata)
    rightarrow                               0x000075ae   Data         840  menu.o(.constdata)
    dynamite                                 0x000078f6   Data         896  menu.o(.constdata)
    granade                                  0x00007c76   Data         850  menu.o(.constdata)
    nuke                                     0x00007fc8   Data        1008  menu.o(.constdata)
    LightMap                                 0x000083b8   Data          24  simonsays.o(.constdata)
    y2                                       0x000083d0   Data       23040  strike.o(.constdata)
    mega_hertz_bar                           0x0000ddd0   Data         486  morsecode.o(.constdata)
    frequency_bar                            0x0000dfb6   Data        7200  morsecode.o(.constdata)
    spot1                                    0x0000fbd6   Data           2  memory.o(.constdata)
    spot2                                    0x0000fbd8   Data           2  memory.o(.constdata)
    spot3                                    0x0000fbda   Data           2  memory.o(.constdata)
    spot4                                    0x0000fbdc   Data           2  memory.o(.constdata)
    memory_1                                 0x0000fbde   Data        2400  memory.o(.constdata)
    memory_2                                 0x0001053e   Data        2400  memory.o(.constdata)
    memory_3                                 0x00010e9e   Data        2400  memory.o(.constdata)
    memory_4                                 0x000117fe   Data        2400  memory.o(.constdata)
    number_1                                 0x0001215e   Data        1920  memory.o(.constdata)
    number_2                                 0x000128de   Data        2520  memory.o(.constdata)
    number_3                                 0x000132b6   Data        2538  memory.o(.constdata)
    number_4                                 0x00013ca0   Data        2816  memory.o(.constdata)
    games                                    0x000147a0   Data          16  memory.o(.constdata)
    bigs                                     0x000147b0   Data          16  memory.o(.constdata)
    circle                                   0x000147c0   Data         800  maze.o(.constdata)
    dot                                      0x00014ae0   Data         800  maze.o(.constdata)
    square                                   0x00014e00   Data         800  maze.o(.constdata)
    Triangle                                 0x00015120   Data         800  maze.o(.constdata)
    arrowdown                                0x00015440   Data         338  password.o(.constdata)
    arrowup                                  0x00015592   Data         338  password.o(.constdata)
    Region$$Table$$Base                      0x000156e4   Number         0  anon$$obj.o(Region$$Table)
    Region$$Table$$Limit                     0x00015704   Number         0  anon$$obj.o(Region$$Table)
    PeriodicTask0                            0x20000000   Data           4  timer0.o(.data)
    PeriodicTask1                            0x20000004   Data           4  timer1.o(.data)
    StX                                      0x20000008   Data           4  st7735.o(.data)
    StY                                      0x2000000c   Data           4  st7735.o(.data)
    StTextColor                              0x20000010   Data           2  st7735.o(.data)
    lastj                                    0x20000018   Data           4  st7735.o(.data)
    Messageindex                             0x20000020   Data           4  st7735.o(.data)
    Ymax                                     0x20000024   Data           4  st7735.o(.data)
    Ymin                                     0x20000028   Data           4  st7735.o(.data)
    X                                        0x2000002c   Data           4  st7735.o(.data)
    Yrange                                   0x20000030   Data           4  st7735.o(.data)
    animCount                                0x20000034   Data           4  menu.o(.data)
    Level                                    0x20000038   Data           4  menu.o(.data)
    correct                                  0x2000003c   Data           1  simonsays.o(.data)
    Light1                                   0x2000003d   Data           1  simonsays.o(.data)
    Light2                                   0x2000003e   Data           1  simonsays.o(.data)
    Light3                                   0x2000003f   Data           1  simonsays.o(.data)
    Light4                                   0x20000040   Data           1  simonsays.o(.data)
    count                                    0x20000044   Data           4  simonsays.o(.data)
    input                                    0x20000048   Data           4  simonsays.o(.data)
    previous                                 0x2000004c   Data           4  simonsays.o(.data)
    adcMail                                  0x20000050   Data           8  systick.o(.data)
    adcStatus                                0x20000058   Data           1  systick.o(.data)
    crt                                      0x2000005c   Data           4  systick.o(.data)
    strikes                                  0x20000060   Data           1  strike.o(.data)
    serialVow                                0x20000064   Data           1  engine.o(.data)
    time                                     0x20000068   Data           4  engine.o(.data)
    timeString                               0x2000006c   Data           4  engine.o(.data)
    myNum                                    0x20000070   Data           1  morsecode.o(.data)
    game                                     0x20000071   Data           1  memory.o(.data)
    stage                                    0x20000072   Data           1  memory.o(.data)
    putInd                                   0x20000074   Data           4  fifo.o(.data)
    getInd                                   0x20000078   Data           4  fifo.o(.data)
    size                                     0x2000007c   Data           4  fifo.o(.data)
    RxCounter                                0x20000080   Data           4  uart.o(.data)
    fullfifo                                 0x20000084   Data           4  uart.o(.data)
    sendcount                                0x20000088   Data           4  uart.o(.data)
    FallingEdges                             0x2000008c   Data           4  uart.o(.data)
    TxCounter                                0x20000090   Data           4  uart.o(.data)
    message                                  0x20000094   Data           8  uart.o(.data)
    DataLost                                 0x2000009c   Data           4  uart.o(.data)
    delay                                    0x200000a0   Data           4  uart.o(.data)
    ErrorCount                               0x200000a4   Data           4  uart.o(.data)
    getStat                                  0x200000a8   Data           1  uart.o(.data)
    datInp                                   0x200000a9   Data           1  uart.o(.data)
    mesagChar                                0x200000aa   Data           5  uart.o(.data)
    messagesend                              0x200000b0   Data           4  uart.o(.data)
    URT                                      0x200000b4   Data           4  uart.o(.data)
    correctMaze                              0x200000b8   Data           1  maze.o(.data)
    MazeOfDoom                               0x200000b9   Data          36  maze.o(.data)
    Maze1                                    0x200000dd   Data          36  maze.o(.data)
    Maze2                                    0x20000101   Data          36  maze.o(.data)
    Maze3                                    0x20000125   Data          36  maze.o(.data)
    PlayerX                                  0x20000149   Data           1  maze.o(.data)
    PlayerY                                  0x2000014a   Data           1  maze.o(.data)
    double_buffer                            0x2000014c   Data           4  maze.o(.data)
    myGuess                                  0x20000150   Data           1  password.o(.data)
    SelectX                                  0x20000151   Data           1  password.o(.data)
    SelectY                                  0x20000152   Data           1  password.o(.data)
    myAnimationCount                         0x20000154   Data           4  password.o(.data)
    myWord                                   0x20000158   Data           5  password.o(.data)
    bom                                      0x2000015d   Data          25  password.o(.data)
    myPasswords                              0x20000176   Data          30  password.o(.data)
    correctPass                              0x20000194   Data           1  password.o(.data)
    daGuess                                  0x20000195   Data           5  password.o(.data)
    buffer                                   0x200001a0   Data          16  fifo.o(.bss)
    currentMaze                              0x200001b0   Data          36  maze.o(.bss)
    __libspace_start                         0x200001d4   Data          96  libspace.o(.bss)
    __temporary_stack_top$libspace           0x20000234   Data           0  libspace.o(.bss)



==============================================================================

Memory Map of the image

  Image Entry point : 0x0000026d

  Load Region LR_1 (Base: 0x00000000, Size: 0x000158a4, Max: 0xffffffff, ABSOLUTE, COMPRESSED[0x00015788])

    Execution Region ER_RO (Base: 0x00000000, Size: 0x00015704, Max: 0xffffffff, ABSOLUTE)

    Base Addr    Size         Type   Attr      Idx    E Section Name        Object

    0x00000000   0x00000284   Code   RO            3  * RESET               startup.o
    0x00000284   0x00000008   Code   RO         1074  * !!!main             c_w.l(__main.o)
    0x0000028c   0x00000034   Code   RO         1230    !!!scatter          c_w.l(__scatter.o)
    0x000002c0   0x0000005a   Code   RO         1228    !!dczerorl2         c_w.l(__dczerorl2.o)
    0x0000031a   0x00000002   PAD
    0x0000031c   0x0000001c   Code   RO         1232    !!handler_zi        c_w.l(__scatter_zi.o)
    0x00000338   0x00000002   Code   RO         1101    .ARM.Collect$$libinit$$00000000  c_w.l(libinit.o)
    0x0000033a   0x00000000   Code   RO         1108    .ARM.Collect$$libinit$$00000002  c_w.l(libinit2.o)
    0x0000033a   0x00000000   Code   RO         1111    .ARM.Collect$$libinit$$00000008  c_w.l(libinit2.o)
    0x0000033a   0x00000000   Code   RO         1113    .ARM.Collect$$libinit$$0000000A  c_w.l(libinit2.o)
    0x0000033a   0x00000000   Code   RO         1115    .ARM.Collect$$libinit$$0000000C  c_w.l(libinit2.o)
    0x0000033a   0x00000000   Code   RO         1118    .ARM.Collect$$libinit$$0000000F  c_w.l(libinit2.o)
    0x0000033a   0x00000000   Code   RO         1120    .ARM.Collect$$libinit$$00000011  c_w.l(libinit2.o)
    0x0000033a   0x00000000   Code   RO         1122    .ARM.Collect$$libinit$$00000013  c_w.l(libinit2.o)
    0x0000033a   0x00000000   Code   RO         1124    .ARM.Collect$$libinit$$00000015  c_w.l(libinit2.o)
    0x0000033a   0x00000000   Code   RO         1126    .ARM.Collect$$libinit$$00000017  c_w.l(libinit2.o)
    0x0000033a   0x00000000   Code   RO         1128    .ARM.Collect$$libinit$$00000019  c_w.l(libinit2.o)
    0x0000033a   0x00000000   Code   RO         1130    .ARM.Collect$$libinit$$0000001B  c_w.l(libinit2.o)
    0x0000033a   0x00000000   Code   RO         1132    .ARM.Collect$$libinit$$0000001D  c_w.l(libinit2.o)
    0x0000033a   0x00000000   Code   RO         1134    .ARM.Collect$$libinit$$0000001F  c_w.l(libinit2.o)
    0x0000033a   0x00000000   Code   RO         1136    .ARM.Collect$$libinit$$00000021  c_w.l(libinit2.o)
    0x0000033a   0x00000000   Code   RO         1138    .ARM.Collect$$libinit$$00000023  c_w.l(libinit2.o)
    0x0000033a   0x00000000   Code   RO         1142    .ARM.Collect$$libinit$$0000002A  c_w.l(libinit2.o)
    0x0000033a   0x00000000   Code   RO         1144    .ARM.Collect$$libinit$$0000002C  c_w.l(libinit2.o)
    0x0000033a   0x00000000   Code   RO         1146    .ARM.Collect$$libinit$$0000002E  c_w.l(libinit2.o)
    0x0000033a   0x00000000   Code   RO         1148    .ARM.Collect$$libinit$$00000030  c_w.l(libinit2.o)
    0x0000033a   0x00000002   Code   RO         1149    .ARM.Collect$$libinit$$00000031  c_w.l(libinit2.o)
    0x0000033c   0x00000002   Code   RO         1169    .ARM.Collect$$libshutdown$$00000000  c_w.l(libshutdown.o)
    0x0000033e   0x00000000   Code   RO         1183    .ARM.Collect$$libshutdown$$00000003  c_w.l(libshutdown2.o)
    0x0000033e   0x00000000   Code   RO         1186    .ARM.Collect$$libshutdown$$00000006  c_w.l(libshutdown2.o)
    0x0000033e   0x00000000   Code   RO         1189    .ARM.Collect$$libshutdown$$00000009  c_w.l(libshutdown2.o)
    0x0000033e   0x00000000   Code   RO         1191    .ARM.Collect$$libshutdown$$0000000B  c_w.l(libshutdown2.o)
    0x0000033e   0x00000000   Code   RO         1194    .ARM.Collect$$libshutdown$$0000000E  c_w.l(libshutdown2.o)
    0x0000033e   0x00000002   Code   RO         1195    .ARM.Collect$$libshutdown$$0000000F  c_w.l(libshutdown2.o)
    0x00000340   0x00000000   Code   RO         1076    .ARM.Collect$$rtentry$$00000000  c_w.l(rtentry.o)
    0x00000340   0x00000000   Code   RO         1078    .ARM.Collect$$rtentry$$00000002  c_w.l(rtentry2.o)
    0x00000340   0x00000006   Code   RO         1090    .ARM.Collect$$rtentry$$00000004  c_w.l(rtentry4.o)
    0x00000346   0x00000000   Code   RO         1080    .ARM.Collect$$rtentry$$00000009  c_w.l(rtentry2.o)
    0x00000346   0x00000004   Code   RO         1081    .ARM.Collect$$rtentry$$0000000A  c_w.l(rtentry2.o)
    0x0000034a   0x00000000   Code   RO         1083    .ARM.Collect$$rtentry$$0000000C  c_w.l(rtentry2.o)
    0x0000034a   0x00000008   Code   RO         1084    .ARM.Collect$$rtentry$$0000000D  c_w.l(rtentry2.o)
    0x00000352   0x00000002   Code   RO         1105    .ARM.Collect$$rtexit$$00000000  c_w.l(rtexit.o)
    0x00000354   0x00000000   Code   RO         1151    .ARM.Collect$$rtexit$$00000002  c_w.l(rtexit2.o)
    0x00000354   0x00000004   Code   RO         1152    .ARM.Collect$$rtexit$$00000003  c_w.l(rtexit2.o)
    0x00000358   0x00000006   Code   RO         1153    .ARM.Collect$$rtexit$$00000004  c_w.l(rtexit2.o)
    0x0000035e   0x00000002   PAD
    0x00000360   0x00000030   Code   RO            4    .text               startup.o
    0x00000390   0x0000003c   Code   RO           13    .text               random.o
    0x000003cc   0x00000050   Code   RO          108    .text               lcd.o
    0x0000041c   0x00000006   Code   RO         1072    .text               c_w.l(heapauxi.o)
    0x00000422   0x0000004a   Code   RO         1092    .text               c_w.l(sys_stackheap_outer.o)
    0x0000046c   0x0000000c   Code   RO         1094    .text               c_w.l(exit.o)
    0x00000478   0x00000008   Code   RO         1102    .text               c_w.l(libspace.o)
    0x00000480   0x0000000c   Code   RO         1161    .text               c_w.l(sys_exit.o)
    0x0000048c   0x00000002   Code   RO         1172    .text               c_w.l(use_no_semi.o)
    0x0000048e   0x00000000   Code   RO         1174    .text               c_w.l(indicate_semi.o)
    0x0000048e   0x00000002   PAD
    0x00000490   0x00000038   Code   RO           16    i.ADC_In89          adc.o
    0x000004c8   0x000000d0   Code   RO           17    i.ADC_Init          adc.o
    0x00000598   0x00000104   Code   RO          581    i.AddStrike         strike.o
    0x0000069c   0x00000048   Code   RO          690    i.BowlIt            morsecode.o
    0x000006e4   0x00000034   Code   RO          877    i.ConvertMessage    uart.o
    0x00000718   0x00000030   Code   RO          968    i.CopyMaze          maze.o
    0x00000748   0x00000054   Code   RO          691    i.Dash              morsecode.o
    0x0000079c   0x00000020   Code   RO          143    i.Delay1ms          st7735.o
    0x000007bc   0x00000050   Code   RO          692    i.Dot               morsecode.o
    0x0000080c   0x0000019c   Code   RO         1032    i.DrawArrows        password.o
    0x000009a8   0x00000178   Code   RO          786    i.DrawBig           memory.o
    0x00000b20   0x00000108   Code   RO          693    i.DrawHertz         morsecode.o
    0x00000c28   0x000000d4   Code   RO          878    i.EdgeCounter_Init  uart.o
    0x00000cfc   0x00000048   Code   RO          600    i.Engine_Run        engine.o
    0x00000d44   0x00000038   Code   RO          695    i.FakeIt            morsecode.o
    0x00000d7c   0x0000005c   Code   RO          848    i.FiFo_Put          fifo.o
    0x00000dd8   0x00000048   Code   RO          696    i.FoolIt            morsecode.o
    0x00000e20   0x00000024   Code   RO          879    i.GPIOPortF_Handler  uart.o
    0x00000e44   0x000000ec   Code   RO          430    i.GameInit          game.o
    0x00000f30   0x00000034   Code   RO          880    i.Init_Tranfer      uart.o
    0x00000f64   0x00000038   Code   RO          442    i.LevelFourMenu     menu.o
    0x00000f9c   0x00000264   Code   RO          601    i.LevelFourRun      engine.o
    0x00001200   0x00000012   Code   RO          602    i.LevelInit         engine.o
    0x00001212   0x00000002   PAD
    0x00001214   0x00000038   Code   RO          443    i.LevelOneMenu      menu.o
    0x0000124c   0x000000e0   Code   RO          603    i.LevelOneRun       engine.o
    0x0000132c   0x00000038   Code   RO          444    i.LevelThreeMenu    menu.o
    0x00001364   0x000001a0   Code   RO          604    i.LevelThreeRun     engine.o
    0x00001504   0x00000038   Code   RO          445    i.LevelTwoMenu      menu.o
    0x0000153c   0x000000fc   Code   RO          605    i.LevelTwoRun       engine.o
    0x00001638   0x00000030   Code   RO          697    i.MakeIt            morsecode.o
    0x00001668   0x00000178   Code   RO          969    i.Maze_Run          maze.o
    0x000017e0   0x00000058   Code   RO          787    i.MemoryEngine      memory.o
    0x00001838   0x00000100   Code   RO          788    i.MemoryGame_Run    memory.o
    0x00001938   0x00000138   Code   RO          446    i.Menu_Run          menu.o
    0x00001a70   0x00000178   Code   RO          698    i.MorseCodeEngine   morsecode.o
    0x00001be8   0x0000009c   Code   RO          970    i.MoveDown          maze.o
    0x00001c84   0x0000009c   Code   RO          971    i.MoveLeft          maze.o
    0x00001d20   0x0000009c   Code   RO          972    i.MoveRight         maze.o
    0x00001dbc   0x0000009c   Code   RO          973    i.MoveUp            maze.o
    0x00001e58   0x0000007c   Code   RO          834    i.PLL_Init          pll.o
    0x00001ed4   0x000002b0   Code   RO         1033    i.Password_Run      password.o
    0x00002184   0x00000158   Code   RO          494    i.PollTheButtons    simonsays.o
    0x000022dc   0x000000a4   Code   RO          495    i.ProcessInput      simonsays.o
    0x00002380   0x00000148   Code   RO          789    i.ProcessStage      memory.o
    0x000024c8   0x00000014   Code   RO          699    i.Rando             morsecode.o
    0x000024dc   0x0000000e   Code   RO          496    i.RandomGeno        simonsays.o
    0x000024ea   0x00000002   PAD
    0x000024ec   0x000000e4   Code   RO          497    i.Round             simonsays.o
    0x000025d0   0x00000120   Code   RO          150    i.ST7735_DrawBitmap  st7735.o
    0x000026f0   0x000000f4   Code   RO          152    i.ST7735_DrawCharS  st7735.o
    0x000027e4   0x00000048   Code   RO          155    i.ST7735_DrawPixel  st7735.o
    0x0000282c   0x00000056   Code   RO          156    i.ST7735_DrawString  st7735.o
    0x00002882   0x00000002   PAD
    0x00002884   0x000000ac   Code   RO          157    i.ST7735_FillRect   st7735.o
    0x00002930   0x00000024   Code   RO          158    i.ST7735_FillScreen  st7735.o
    0x00002954   0x0000007c   Code   RO          160    i.ST7735_InitR      st7735.o
    0x000029d0   0x000000d4   Code   RO          162    i.ST7735_OutChar    st7735.o
    0x00002aa4   0x00000018   Code   RO          163    i.ST7735_OutString  st7735.o
    0x00002abc   0x00000020   Code   RO          173    i.ST7735_SetCursor  st7735.o
    0x00002adc   0x0000000c   Code   RO          881    i.Send              uart.o
    0x00002ae8   0x00000044   Code   RO          883    i.SendTo            uart.o
    0x00002b2c   0x00000016   Code   RO          498    i.SimonSaysEngine   simonsays.o
    0x00002b42   0x00000002   PAD
    0x00002b44   0x00000014   Code   RO          700    i.Space             morsecode.o
    0x00002b58   0x00000020   Code   RO         1034    i.StrCmp            password.o
    0x00002b78   0x00000084   Code   RO          557    i.SysTick_Handler   systick.o
    0x00002bfc   0x00000030   Code   RO          558    i.SysTick_Init      systick.o
    0x00002c2c   0x00000018   Code   RO           44    i.Timer0A_Handler   timer0.o
    0x00002c44   0x00000014   Code   RO           45    i.Timer0A_Start     timer0.o
    0x00002c58   0x00000014   Code   RO           46    i.Timer0A_Stop      timer0.o
    0x00002c6c   0x00000060   Code   RO           47    i.Timer0_Init       timer0.o
    0x00002ccc   0x00000018   Code   RO           87    i.Timer1A_Handler   timer1.o
    0x00002ce4   0x00000040   Code   RO          701    i.TollIt            morsecode.o
    0x00002d24   0x00000084   Code   RO          606    i.Transit           engine.o
    0x00002da8   0x00000054   Code   RO          885    i.UART1_Handler     uart.o
    0x00002dfc   0x00000018   Code   RO          887    i.UART_InChar       uart.o
    0x00002e14   0x000000ec   Code   RO          888    i.UART_Init         uart.o
    0x00002f00   0x00000018   Code   RO          889    i.UART_OutChar      uart.o
    0x00002f18   0x000000c4   Code   RO          607    i.Win               engine.o
    0x00002fdc   0x00000080   Code   RO          447    i.arrowAnimation    menu.o
    0x0000305c   0x00000056   Code   RO          177    i.commandList       st7735.o
    0x000030b2   0x00000002   PAD
    0x000030b4   0x00000184   Code   RO          178    i.commonInit        st7735.o
    0x00003238   0x0000017c   Code   RO         1035    i.drawLetters       password.o
    0x000033b4   0x00000050   Code   RO          499    i.drawLoad          simonsays.o
    0x00003404   0x00000110   Code   RO          974    i.drawMaze          maze.o
    0x00003514   0x0000000c   Code   RO          183    i.getStX            st7735.o
    0x00003520   0x0000000c   Code   RO          184    i.getStY            st7735.o
    0x0000352c   0x00000016   Code   RO          114    i.main              spaceinvaders.o
    0x00003542   0x00000002   PAD
    0x00003544   0x000000ac   Code   RO          608    i.myClock           engine.o
    0x000035f0   0x00000094   Code   RO          500    i.outLight          simonsays.o
    0x00003684   0x00000012   Code   RO          185    i.pushColor         st7735.o
    0x00003696   0x00000002   PAD
    0x00003698   0x00000074   Code   RO          186    i.setAddrWindow     st7735.o
    0x0000370c   0x00000040   Code   RO          448    i.setMenuLevel      menu.o
    0x0000374c   0x000007e2   Data   RO          190    .constdata          st7735.o
    0x00003f2e   0x0000448a   Data   RO          449    .constdata          menu.o
    0x000083b8   0x00000018   Data   RO          501    .constdata          simonsays.o
    0x000083d0   0x00005a00   Data   RO          582    .constdata          strike.o
    0x0000ddd0   0x00001e06   Data   RO          702    .constdata          morsecode.o
    0x0000fbd6   0x00004bea   Data   RO          790    .constdata          memory.o
    0x000147c0   0x00000c80   Data   RO          976    .constdata          maze.o
    0x00015440   0x000002a4   Data   RO         1036    .constdata          password.o
    0x000156e4   0x00000020   Data   RO         1226    Region$$Table       anon$$obj.o


    Execution Region ER_RW (Base: 0x20000000, Size: 0x000001a0, Max: 0xffffffff, ABSOLUTE, COMPRESSED[0x00000084])

    Base Addr    Size         Type   Attr      Idx    E Section Name        Object

    0x20000000   0x00000004   Data   RW           48    .data               timer0.o
    0x20000004   0x00000004   Data   RW           89    .data               timer1.o
    0x20000008   0x0000002c   Data   RW          191    .data               st7735.o
    0x20000034   0x00000008   Data   RW          450    .data               menu.o
    0x2000003c   0x00000014   Data   RW          502    .data               simonsays.o
    0x20000050   0x00000010   Data   RW          559    .data               systick.o
    0x20000060   0x00000001   Data   RW          583    .data               strike.o
    0x20000061   0x00000003   PAD
    0x20000064   0x0000000c   Data   RW          610    .data               engine.o
    0x20000070   0x00000001   Data   RW          703    .data               morsecode.o
    0x20000071   0x00000002   Data   RW          791    .data               memory.o
    0x20000073   0x00000001   PAD
    0x20000074   0x0000000c   Data   RW          850    .data               fifo.o
    0x20000080   0x00000038   Data   RW          890    .data               uart.o
    0x200000b8   0x00000098   Data   RW          977    .data               maze.o
    0x20000150   0x0000004a   Data   RW         1037    .data               password.o
    0x2000019a   0x00000002   PAD
    0x2000019c   0x00000004   Data   RW           12    DATA                random.o


    Execution Region ER_ZI (Base: 0x200001a0, Size: 0x00000498, Max: 0xffffffff, ABSOLUTE)

    Base Addr    Size         Type   Attr      Idx    E Section Name        Object

    0x200001a0   0x00000010   Zero   RW          849    .bss                fifo.o
    0x200001b0   0x00000024   Zero   RW          975    .bss                maze.o
    0x200001d4   0x00000060   Zero   RW         1103    .bss                c_w.l(libspace.o)
    0x20000234   0x00000004   PAD
    0x20000238   0x00000000   Zero   RW            2    HEAP                startup.o
    0x20000238   0x00000400   Zero   RW            1    STACK               startup.o


==============================================================================

Image component sizes


      Code (inc. data)   RO Data    RW Data    ZI Data      Debug   Object Name

       264         34          0          0          0       5398   adc.o
      2094        396          0         12          0       6113   engine.o
        92         12          0         12         16       1023   fifo.o
       236         46          0          0          0        515   game.o
        80         12          0          0          0        200   lcd.o
      1320        124       3200        152         36       5012   maze.o
      1048        112      19434          2          0       3369   memory.o
       728        142      17546          8          0       3838   menu.o
      1156        138       7686          1          0       6021   morsecode.o
      1512        116        676         74          0       3635   password.o
       124          6          0          0          0        379   pll.o
        60         14          0          4          0        200   random.o
      1000        146         24         20          0       4673   simonsays.o
        22          0          0          0          0        411   spaceinvaders.o
      1954        194       2018         44          0      12532   st7735.o
       692        632          0          0       1024        900   startup.o
       260         70      23040          1          0       1265   strike.o
       180         36          0         16          0       1421   systick.o
       160         40          0          4          0       2539   timer0.o
        24          8          0          4          0        846   timer1.o
       800        136          0         56          0       4957   uart.o

    ----------------------------------------------------------------------
     13820       2414      73656        416       1076      65247   Object Totals
         0          0         32          0          0          0   (incl. Generated)
        14          0          0          6          0          0   (incl. Padding)

    ----------------------------------------------------------------------

      Code (inc. data)   RO Data    RW Data    ZI Data      Debug   Library Member Name

        90          0          0          0          0          0   __dczerorl2.o
         8          0          0          0          0         68   __main.o
        52          8          0          0          0          0   __scatter.o
        28          0          0          0          0          0   __scatter_zi.o
        12          0          0          0          0         72   exit.o
         6          0          0          0          0        152   heapauxi.o
         0          0          0          0          0          0   indicate_semi.o
         2          0          0          0          0          0   libinit.o
         2          0          0          0          0          0   libinit2.o
         2          0          0          0          0          0   libshutdown.o
         2          0          0          0          0          0   libshutdown2.o
         8          4          0          0         96         68   libspace.o
         0          0          0          0          0          0   rtentry.o
        12          0          0          0          0          0   rtentry2.o
         6          0          0          0          0          0   rtentry4.o
         2          0          0          0          0          0   rtexit.o
        10          0          0          0          0          0   rtexit2.o
        12          4          0          0          0         68   sys_exit.o
        74          0          0          0          0         80   sys_stackheap_outer.o
         2          0          0          0          0         68   use_no_semi.o

    ----------------------------------------------------------------------
       336         16          0          0        100        576   Library Totals
         6          0          0          0          4          0   (incl. Padding)

    ----------------------------------------------------------------------

      Code (inc. data)   RO Data    RW Data    ZI Data      Debug   Library Name

       330         16          0          0         96        576   c_w.l

    ----------------------------------------------------------------------
       336         16          0          0        100        576   Library Totals

    ----------------------------------------------------------------------

==============================================================================


      Code (inc. data)   RO Data    RW Data    ZI Data      Debug   

     14156       2430      73656        416       1176      61039   Grand Totals
     14156       2430      73656        132       1176      61039   ELF Image Totals (compressed)
     14156       2430      73656        132          0          0   ROM Totals

==============================================================================

    Total RO  Size (Code + RO Data)                87812 (  85.75kB)
    Total RW  Size (RW Data + ZI Data)              1592 (   1.55kB)
    Total ROM Size (Code + RO Data + RW Data)      87944 (  85.88kB)

==============================================================================

