<html>
<body>
<pre>
<h1>µVision Build Log</h1>
<h2>Project:</h2>
C:\Users\Jay Shenoy\Documents\GitHub\lab10-hydra-2\SpaceInvaders.uvproj
Project File Date:  05/01/2017

<h2>Output:</h2>
Build target 'SpaceInvaders'
compiling Game.c...
compiling Engine.c...
Engine.c(1305): warning:  #1-D: last line of file ends without a newline
                
Engine.c: 1 warning, 0 errors
linking...
Program Size: Code=14156 RO-data=73656 RW-data=416 ZI-data=1176  
".\SpaceInvaders.axf" - 0 Error(s), 1 Warning(s).
Load "C:\\Users\\Jay Shenoy\\Documents\\GitHub\\lab10-hydra-2\\SpaceInvaders.axf" 
Connecting: Mode=JTAG, Speed=1000000Hz
Erase Done.
Programming Done.
Verify OK.
</pre>
</body>
</html>
